HC frozen0aa reference: device=Apple M1 Max math=default frozen_sha256=ea6c1ea18f345ee1ff86bea1eddc0613c90a329b8d3a223d52f001959f7fb600
PASS E=2560 rank=320 T=1 pattern=0 NSG=1 kernel_qwen4_hc_gate_mix_f16: changed=0/2560 max_abs=0
PASS E=2560 rank=320 T=1 pattern=0 NSG=1 kernel_qwen4_hc_gate_mix_f16_pf: changed=0/2560 max_abs=0
PASS E=2560 rank=320 T=1 pattern=0 NSG=1 kernel_qwen4_hc_gate_mix_f16_reuse: changed=0/2560 max_abs=0
PASS E=2560 rank=320 T=1 pattern=0 NSG=4 kernel_qwen4_hc_gate_mix_f16: changed=0/2560 max_abs=0
PASS E=2560 rank=320 T=1 pattern=0 NSG=4 kernel_qwen4_hc_gate_mix_f16_pf: changed=0/2560 max_abs=0
PASS E=2560 rank=320 T=1 pattern=0 NSG=4 kernel_qwen4_hc_gate_mix_f16_reuse: changed=0/2560 max_abs=0
PASS E=2560 rank=320 T=1 pattern=0 NSG=8 kernel_qwen4_hc_gate_mix_f16: changed=0/2560 max_abs=0
PASS E=2560 rank=320 T=1 pattern=0 NSG=8 kernel_qwen4_hc_gate_mix_f16_pf: changed=0/2560 max_abs=0
PASS E=2560 rank=320 T=1 pattern=0 NSG=8 kernel_qwen4_hc_gate_mix_f16_reuse: changed=0/2560 max_abs=0
PASS E=2560 rank=320 T=1 pattern=1 NSG=1 kernel_qwen4_hc_gate_mix_f16: changed=0/2560 max_abs=0
PASS E=2560 rank=320 T=1 pattern=1 NSG=1 kernel_qwen4_hc_gate_mix_f16_pf: changed=0/2560 max_abs=0
PASS E=2560 rank=320 T=1 pattern=1 NSG=1 kernel_qwen4_hc_gate_mix_f16_reuse: changed=0/2560 max_abs=0
PASS E=2560 rank=320 T=1 pattern=1 NSG=4 kernel_qwen4_hc_gate_mix_f16: changed=0/2560 max_abs=0
PASS E=2560 rank=320 T=1 pattern=1 NSG=4 kernel_qwen4_hc_gate_mix_f16_pf: changed=0/2560 max_abs=0
PASS E=2560 rank=320 T=1 pattern=1 NSG=4 kernel_qwen4_hc_gate_mix_f16_reuse: changed=0/2560 max_abs=0
PASS E=2560 rank=320 T=1 pattern=1 NSG=8 kernel_qwen4_hc_gate_mix_f16: changed=0/2560 max_abs=0
PASS E=2560 rank=320 T=1 pattern=1 NSG=8 kernel_qwen4_hc_gate_mix_f16_pf: changed=0/2560 max_abs=0
PASS E=2560 rank=320 T=1 pattern=1 NSG=8 kernel_qwen4_hc_gate_mix_f16_reuse: changed=0/2560 max_abs=0
PASS E=2560 rank=320 T=1 pattern=2 NSG=1 kernel_qwen4_hc_gate_mix_f16: changed=0/2560 max_abs=0
PASS E=2560 rank=320 T=1 pattern=2 NSG=1 kernel_qwen4_hc_gate_mix_f16_pf: changed=0/2560 max_abs=0
PASS E=2560 rank=320 T=1 pattern=2 NSG=1 kernel_qwen4_hc_gate_mix_f16_reuse: changed=0/2560 max_abs=0
PASS E=2560 rank=320 T=1 pattern=2 NSG=4 kernel_qwen4_hc_gate_mix_f16: changed=0/2560 max_abs=0
PASS E=2560 rank=320 T=1 pattern=2 NSG=4 kernel_qwen4_hc_gate_mix_f16_pf: changed=0/2560 max_abs=0
PASS E=2560 rank=320 T=1 pattern=2 NSG=4 kernel_qwen4_hc_gate_mix_f16_reuse: changed=0/2560 max_abs=0
PASS E=2560 rank=320 T=1 pattern=2 NSG=8 kernel_qwen4_hc_gate_mix_f16: changed=0/2560 max_abs=0
PASS E=2560 rank=320 T=1 pattern=2 NSG=8 kernel_qwen4_hc_gate_mix_f16_pf: changed=0/2560 max_abs=0
PASS E=2560 rank=320 T=1 pattern=2 NSG=8 kernel_qwen4_hc_gate_mix_f16_reuse: changed=0/2560 max_abs=0
PASS E=33 rank=136 T=3 pattern=0 NSG=1 kernel_qwen4_hc_gate_mix_f16: changed=0/99 max_abs=0
PASS E=33 rank=136 T=3 pattern=0 NSG=1 kernel_qwen4_hc_gate_mix_f16_pf: changed=0/99 max_abs=0
PASS E=33 rank=136 T=3 pattern=0 NSG=1 kernel_qwen4_hc_gate_mix_f16_reuse: changed=0/99 max_abs=0
PASS E=33 rank=136 T=3 pattern=0 NSG=4 kernel_qwen4_hc_gate_mix_f16: changed=0/99 max_abs=0
PASS E=33 rank=136 T=3 pattern=0 NSG=4 kernel_qwen4_hc_gate_mix_f16_pf: changed=0/99 max_abs=0
PASS E=33 rank=136 T=3 pattern=0 NSG=4 kernel_qwen4_hc_gate_mix_f16_reuse: changed=0/99 max_abs=0
PASS E=33 rank=136 T=3 pattern=0 NSG=8 kernel_qwen4_hc_gate_mix_f16: changed=0/99 max_abs=0
PASS E=33 rank=136 T=3 pattern=0 NSG=8 kernel_qwen4_hc_gate_mix_f16_pf: changed=0/99 max_abs=0
PASS E=33 rank=136 T=3 pattern=0 NSG=8 kernel_qwen4_hc_gate_mix_f16_reuse: changed=0/99 max_abs=0
PASS E=33 rank=136 T=3 pattern=1 NSG=1 kernel_qwen4_hc_gate_mix_f16: changed=0/99 max_abs=0
PASS E=33 rank=136 T=3 pattern=1 NSG=1 kernel_qwen4_hc_gate_mix_f16_pf: changed=0/99 max_abs=0
PASS E=33 rank=136 T=3 pattern=1 NSG=1 kernel_qwen4_hc_gate_mix_f16_reuse: changed=0/99 max_abs=0
PASS E=33 rank=136 T=3 pattern=1 NSG=4 kernel_qwen4_hc_gate_mix_f16: changed=0/99 max_abs=0
PASS E=33 rank=136 T=3 pattern=1 NSG=4 kernel_qwen4_hc_gate_mix_f16_pf: changed=0/99 max_abs=0
PASS E=33 rank=136 T=3 pattern=1 NSG=4 kernel_qwen4_hc_gate_mix_f16_reuse: changed=0/99 max_abs=0
PASS E=33 rank=136 T=3 pattern=1 NSG=8 kernel_qwen4_hc_gate_mix_f16: changed=0/99 max_abs=0
PASS E=33 rank=136 T=3 pattern=1 NSG=8 kernel_qwen4_hc_gate_mix_f16_pf: changed=0/99 max_abs=0
PASS E=33 rank=136 T=3 pattern=1 NSG=8 kernel_qwen4_hc_gate_mix_f16_reuse: changed=0/99 max_abs=0
PASS E=33 rank=136 T=3 pattern=2 NSG=1 kernel_qwen4_hc_gate_mix_f16: changed=0/99 max_abs=0
PASS E=33 rank=136 T=3 pattern=2 NSG=1 kernel_qwen4_hc_gate_mix_f16_pf: changed=0/99 max_abs=0
PASS E=33 rank=136 T=3 pattern=2 NSG=1 kernel_qwen4_hc_gate_mix_f16_reuse: changed=0/99 max_abs=0
PASS E=33 rank=136 T=3 pattern=2 NSG=4 kernel_qwen4_hc_gate_mix_f16: changed=0/99 max_abs=0
PASS E=33 rank=136 T=3 pattern=2 NSG=4 kernel_qwen4_hc_gate_mix_f16_pf: changed=0/99 max_abs=0
PASS E=33 rank=136 T=3 pattern=2 NSG=4 kernel_qwen4_hc_gate_mix_f16_reuse: changed=0/99 max_abs=0
PASS E=33 rank=136 T=3 pattern=2 NSG=8 kernel_qwen4_hc_gate_mix_f16: changed=0/99 max_abs=0
PASS E=33 rank=136 T=3 pattern=2 NSG=8 kernel_qwen4_hc_gate_mix_f16_pf: changed=0/99 max_abs=0
PASS E=33 rank=136 T=3 pattern=2 NSG=8 kernel_qwen4_hc_gate_mix_f16_reuse: changed=0/99 max_abs=0
PASS HC frozen0aa: comparisons=71793 different=0 max_abs=0
