copied token_embd.weight 1271398400
copied output.weight 675430400
copied output_hc_norm.weight 40960
copied output_hc_down.weight 6553600
copied output_hc_up.weight 6553600
copied blk.0.hc_attn_norm.weight 40960
copied blk.0.hc_attn_down.weight 6553600
copied blk.0.hc_attn_up.weight 6553600
copied blk.0.hc_attn_inject.weight 81920
copied blk.0.hc_ffn_norm.weight 40960
copied blk.0.hc_ffn_down.weight 6553600
copied blk.0.hc_ffn_up.weight 6553600
copied blk.0.hc_ffn_inject.weight 81920
copied blk.0.attn_qkv.weight 27852800
copied blk.0.attn_gate.weight 16711680
copied blk.0.ssm_out.weight 16711680
copied blk.0.ssm_alpha.weight 491520
copied blk.0.ssm_beta.weight 491520
copied blk.0.ssm_a 192
copied blk.0.ssm_dt.bias 192
copied blk.0.ssm_norm.weight 512
copied blk.0.ssm_conv1d.weight 163840
copied blk.0.ffn_gate_inp.weight 5242880
copied blk.0.ffn_gate_exps.weight 471859200
copied blk.0.ffn_up_exps.weight 471859200
copied blk.0.ffn_down_exps.weight 445644800
copied blk.0.ffn_gate_shexp.weight 1740800
copied blk.0.ffn_up_shexp.weight 1740800
copied blk.0.ffn_down_shexp.weight 1740800
copied blk.0.ffn_gate_inp_shexp.weight 10240
copied blk.1.hc_attn_norm.weight 40960
copied blk.1.hc_attn_down.weight 6553600
copied blk.1.hc_attn_up.weight 6553600
copied blk.1.hc_attn_inject.weight 81920
copied blk.1.hc_ffn_norm.weight 40960
copied blk.1.hc_ffn_down.weight 6553600
copied blk.1.hc_ffn_up.weight 6553600
copied blk.1.hc_ffn_inject.weight 81920
copied blk.1.attn_qkv.weight 27852800
copied blk.1.attn_gate.weight 16711680
copied blk.1.ssm_out.weight 16711680
copied blk.1.ssm_alpha.weight 491520
copied blk.1.ssm_beta.weight 491520
copied blk.1.ssm_a 192
copied blk.1.ssm_dt.bias 192
copied blk.1.ssm_norm.weight 512
copied blk.1.ssm_conv1d.weight 163840
copied blk.1.ple_key.weight 27852800
copied blk.1.ple_value.weight 6963200
copied blk.1.ple_norm_key.weight 40960
copied blk.1.ple_norm_query.weight 40960
copied blk.1.ple_norm_conv.weight 40960
copied blk.1.ple_conv1d.weight 163840
copied blk.1.ffn_gate_inp.weight 5242880
copied blk.1.ffn_gate_exps.weight 471859200
copied blk.1.ffn_up_exps.weight 471859200
copied blk.1.ffn_down_exps.weight 445644800
copied blk.1.ffn_gate_shexp.weight 1740800
copied blk.1.ffn_up_shexp.weight 1740800
copied blk.1.ffn_down_shexp.weight 1740800
copied blk.1.ffn_gate_inp_shexp.weight 10240
copied blk.2.hc_attn_norm.weight 40960
copied blk.2.hc_attn_down.weight 6553600
copied blk.2.hc_attn_up.weight 6553600
copied blk.2.hc_attn_inject.weight 81920
copied blk.2.hc_ffn_norm.weight 40960
copied blk.2.hc_ffn_down.weight 6553600
copied blk.2.hc_ffn_up.weight 6553600
copied blk.2.hc_ffn_inject.weight 81920
copied blk.2.attn_qkv.weight 27852800
copied blk.2.attn_gate.weight 16711680
copied blk.2.ssm_out.weight 16711680
copied blk.2.ssm_alpha.weight 491520
copied blk.2.ssm_beta.weight 491520
copied blk.2.ssm_a 192
copied blk.2.ssm_dt.bias 192
copied blk.2.ssm_norm.weight 512
copied blk.2.ssm_conv1d.weight 163840
copied blk.2.ffn_gate_inp.weight 5242880
copied blk.2.ffn_gate_exps.weight 471859200
copied blk.2.ffn_up_exps.weight 471859200
copied blk.2.ffn_down_exps.weight 445644800
copied blk.2.ffn_gate_shexp.weight 1740800
copied blk.2.ffn_up_shexp.weight 1740800
copied blk.2.ffn_down_shexp.weight 1740800
copied blk.2.ffn_gate_inp_shexp.weight 10240
copied blk.3.hc_attn_norm.weight 40960
copied blk.3.hc_attn_down.weight 6553600
copied blk.3.hc_attn_up.weight 6553600
copied blk.3.hc_attn_inject.weight 81920
copied blk.3.hc_ffn_norm.weight 40960
copied blk.3.hc_ffn_down.weight 6553600
copied blk.3.hc_ffn_up.weight 6553600
copied blk.3.hc_ffn_inject.weight 81920
copied blk.3.attn_q.weight 33423360
copied blk.3.attn_k.weight 1392640
copied blk.3.attn_v.weight 1392640
copied blk.3.attn_output.weight 16711680
copied blk.3.attn_q_norm.weight 1024
copied blk.3.attn_k_norm.weight 1024
copied blk.3.indexer.q_proj.weight 1392640
copied blk.3.indexer.k_proj.weight 348160
copied blk.3.indexer.q_norm.weight 512
copied blk.3.indexer.k_norm.weight 512
copied blk.3.ffn_gate_inp.weight 5242880
copied blk.3.ffn_gate_exps.weight 471859200
copied blk.3.ffn_up_exps.weight 471859200
copied blk.3.ffn_down_exps.weight 445644800
copied blk.3.ffn_gate_shexp.weight 1740800
copied blk.3.ffn_up_shexp.weight 1740800
copied blk.3.ffn_down_shexp.weight 1740800
copied blk.3.ffn_gate_inp_shexp.weight 10240
{
  "status": "written; payload hashes recorded; not yet loaded or GPU-tested",
  "resident_mapping_bytes": 7953727488,
  "output_file_bytes": 7953727808,
  "copied_payload_bytes": 7942211200
}
